[
  {
    "bug_type": "NULL_DEREFERENCE",
    "file": "Hello.java",
    "procedure": "int Hello.test()"
  }
]