[
  {
    "bug_type": "NULL_DEREFERENCE",
    "file": "hello.c",
    "procedure": "test"
  }
]